// Jest Snapshot v1, https://goo.gl/fbAQLP

exports[`should render the header 1`] = `
<div>
  <header>
    This is a Header!
  </header>
</div>
`;
